// Jest Snapshot v1, https://goo.gl/fbAQLP

exports[`Breadcrumb Should match snapshot (it renders correctly) 1`] = `<div />`;
