// Jest Snapshot v1, https://goo.gl/fbAQLP

exports[`Description Should match snapshot (it renders correctly) 1`] = `
<main>
  <div>
    <div
      style={
        Object {
          "boxSizing": "border-box",
          "display": "inline-block",
          "margin": 0,
          "maxWidth": "100%",
          "overflow": "hidden",
          "position": "relative",
        }
      }
    >
      <div
        style={
          Object {
            "boxSizing": "border-box",
            "display": "block",
            "maxWidth": "100%",
          }
        }
      >
        <img
          alt=""
          aria-hidden={true}
          role="presentation"
          src="data:image/svg+xml;base64,PHN2ZyB3aWR0aD0iNjgwIiBoZWlnaHQ9IjY4MCIgeG1sbnM9Imh0dHA6Ly93d3cudzMub3JnLzIwMDAvc3ZnIiB2ZXJzaW9uPSIxLjEiLz4="
          style={
            Object {
              "border": "none",
              "display": "block",
              "margin": 0,
              "maxWidth": "100%",
              "padding": 0,
            }
          }
        />
      </div>
      <noscript>
        <img
          decoding="async"
          src="/imgs/search.svg"
          srcSet="/_next/image?url=%2Fimgs%2Fsearch.svg&w=750&q=75 1x, /_next/image?url=%2Fimgs%2Fsearch.svg&w=1920&q=75 2x"
          style={
            Object {
              "border": "none",
              "bottom": 0,
              "boxSizing": "border-box",
              "display": "block",
              "height": 0,
              "left": 0,
              "margin": "auto",
              "maxHeight": "100%",
              "maxWidth": "100%",
              "minHeight": "100%",
              "minWidth": "100%",
              "objectFit": undefined,
              "objectPosition": undefined,
              "padding": 0,
              "position": "absolute",
              "right": 0,
              "top": 0,
              "width": 0,
            }
          }
        />
      </noscript>
      <img
        decoding="async"
        src="data:image/gif;base64,R0lGODlhAQABAIAAAAAAAP///yH5BAEAAAAALAAAAAABAAEAAAIBRAA7"
        style={
          Object {
            "border": "none",
            "bottom": 0,
            "boxSizing": "border-box",
            "display": "block",
            "height": 0,
            "left": 0,
            "margin": "auto",
            "maxHeight": "100%",
            "maxWidth": "100%",
            "minHeight": "100%",
            "minWidth": "100%",
            "objectFit": undefined,
            "objectPosition": undefined,
            "padding": 0,
            "position": "absolute",
            "right": 0,
            "top": 0,
            "width": 0,
          }
        }
      />
    </div>
    <div>
      <span>
        Nuevo
         - 
        0
         vendidos
      </span>
      <h1
        className="h2"
      >
        Vestido Holi- Modelo Johnny Cash- Ladrillo- Talle 1
      </h1>
      <h2
        className="h1"
      >
        $ 
        5999
        <span>
          00
        </span>
      </h2>
      <button
        className="button"
      >
        Comprar
      </button>
    </div>
  </div>
  <div>
    <h3>
      Descripci√≥n del producto
    </h3>
    <p>
      Vestido Holi
Modelo Johnny Cash
Color ladrillo
Talle 1
    </p>
  </div>
</main>
`;
